2025-11-20 15:43:05,614 - INFO - 
            ProMeteo
            
2025-11-20 15:43:05,926 - INFO - 
            Raw Data imported from: /home/federico/unibo/complTerrMet/sonic_data/ES3_10_02_2012_cut/ES3_sonic_5_2012-10-02.csv
            Anemometer model: RM_YOUNG_81000
            Selected sampling frequency: 20.0
            
2025-11-20 15:43:05,967 - INFO - 
            Missing timestamps filling completed:
            Number of timestamps in the rawdata package: 287581
            Number of timestamps after the filling procedure: 288001
            
2025-11-20 15:43:05,985 - INFO - 
                11 points beyond 30.0 replaced with NaNs from 'u' time series
                
2025-11-20 15:43:05,987 - INFO - 
                11 points beyond 30.0 replaced with NaNs from 'v' time series
                
2025-11-20 15:43:05,990 - INFO - 
                11 points beyond 5.0 replaced with NaNs from 'w' time series
                
2025-11-20 15:43:05,999 - INFO - 
                11 points beyond 303.0 replaced with NaNs from 'T_s' time series
                
2025-11-20 15:43:05,999 - INFO - 
            Despiking
            
2025-11-20 15:43:06,015 - INFO - 
                - Mode: VM97
                - Moving window length: 5.0 min => 6001 points
                - Maximum number of consecutive values to be considered spike: 3
                - Maximum number of iterations to perform: 4
                - Starting values of c:
                    - For the horizontal components of the wind: 3.5
                    - For the vertical component: 5.0
                    - For the sonic temperature: 3.5
                
2025-11-20 15:43:06,015 - INFO - 
                Despiking of 'u' time series
                
2025-11-20 15:43:33,836 - INFO - 
                Iteration: 0, identified and removed spikes: 34
            
2025-11-20 15:43:59,722 - INFO - 
                Iteration: 1, identified and removed spikes: 5
            
2025-11-20 15:44:25,420 - INFO - 
                Iteration: 2, identified and removed spikes: 6
            
2025-11-20 15:44:51,275 - INFO - 
                Iteration: 3, identified and removed spikes: 0
            
2025-11-20 15:44:51,287 - INFO - 
                Number of modified values: 68 
                    
2025-11-20 15:44:51,287 - INFO - 
                Despiking of 'v' time series
                
2025-11-20 15:45:17,200 - INFO - 
                Iteration: 0, identified and removed spikes: 95
            
2025-11-20 15:45:43,511 - INFO - 
                Iteration: 1, identified and removed spikes: 3
            
2025-11-20 15:46:10,904 - INFO - 
                Iteration: 2, identified and removed spikes: 3
            
2025-11-20 15:46:36,894 - INFO - 
                Iteration: 3, identified and removed spikes: 5
            
2025-11-20 15:46:36,895 - INFO - 
                Number of modified values: 150 
                    
2025-11-20 15:46:36,896 - INFO - 
                Despiking of 'w' time series
                
2025-11-20 15:47:02,367 - INFO - 
                Iteration: 0, identified and removed spikes: 29
            
2025-11-20 15:47:28,464 - INFO - 
                Iteration: 1, identified and removed spikes: 1
            
2025-11-20 15:47:54,062 - INFO - 
                Iteration: 2, identified and removed spikes: 0
            
2025-11-20 15:47:54,064 - INFO - 
                Number of modified values: 44 
                    
2025-11-20 15:47:54,064 - INFO - 
                Despiking of 'T_s' time series
                
2025-11-20 15:48:19,632 - INFO - 
                Iteration: 0, identified and removed spikes: 144
            
2025-11-20 15:48:45,172 - INFO - 
                Iteration: 1, identified and removed spikes: 19
            
2025-11-20 15:49:10,707 - INFO - 
                Iteration: 2, identified and removed spikes: 8
            
2025-11-20 15:49:35,833 - INFO - 
                Iteration: 3, identified and removed spikes: 15
            
2025-11-20 15:49:35,836 - INFO - 
                Number of modified values: 309 
                    
2025-11-20 15:49:35,885 - INFO - 
                NaNs interpolation of 'u' time series:
                - Number of interpolated NaNs: 450
                - Number of remaining NaNs: 0
                
2025-11-20 15:49:35,921 - INFO - 
                NaNs interpolation of 'v' time series:
                - Number of interpolated NaNs: 450
                - Number of remaining NaNs: 0
                
2025-11-20 15:49:35,980 - INFO - 
                NaNs interpolation of 'w' time series:
                - Number of interpolated NaNs: 450
                - Number of remaining NaNs: 0
                
2025-11-20 15:49:36,023 - INFO - 
                NaNs interpolation of 'T_s' time series:
                - Number of interpolated NaNs: 450
                - Number of remaining NaNs: 0
                
2025-11-20 15:49:37,993 - INFO - 
            Pre-processed data saved.
            
2025-11-20 15:49:37,993 - INFO - 
            Rotation to streamline reference frame
            and Wind Direction computation.
            - Moving window length: 30.0 min => 36001 points
            - Azimuth: 0.0
            - Horizontal wind speed threshold for wind direction computation: 0.01
            
2025-11-20 15:52:56,834 - INFO - 
            Rotated wind components saved.
            
